
charles@SASIT04101818 MINGW64 /d/Development/my-dream-app (master)
$ dir
angular.json  e2e           package.json       README.md  tsconfig.json
Copy.html.md  node_modules  package-lock.json  src        tslint.json

charles@SASIT04101818 MINGW64 /d/Development/my-dream-app (master)
$ git init
Reinitialized existing Git repository in D:/Development/my-dream-app/.git/

charles@SASIT04101818 MINGW64 /d/Development/my-dream-app (master)
$ git config --global 'Charles Vandyck'
error: key does not contain a section: Charles Vandyck

charles@SASIT04101818 MINGW64 /d/Development/my-dream-app (master)
$ git config --global user.name 'Charles Vandyck'

charles@SASIT04101818 MINGW64 /d/Development/my-dream-app (master)
$ git config --global user.email 'cjojovandyck@gmail.com'

charles@SASIT04101818 MINGW64 /d/Development/my-dream-app (master)
$ git add Copy.html
fatal: pathspec 'Copy.html' did not match any files

charles@SASIT04101818 MINGW64 /d/Development/my-dream-app (master)
$ git add README
fatal: pathspec 'README' did not match any files

charles@SASIT04101818 MINGW64 /d/Development/my-dream-app (master)
$ git add header.html
warning: LF will be replaced by CRLF in header.html.
The file will have its original line endings in your working directory.

charles@SASIT04101818 MINGW64 /d/Development/my-dream-app (master)
$ git status
On branch master

No commits yet

Changes to be committed:
  (use "git rm --cached <file>..." to unstage)

        new file:   header.html

Untracked files:
  (use "git add <file>..." to include in what will be committed)

        .editorconfig
        .gitignore
        Copy.html.md
        README.md
        angular.json
        e2e/
        package-lock.json
        package.json
        src/
        tsconfig.json
        tslint.json


charles@SASIT04101818 MINGW64 /d/Development/my-dream-app (master)
$ git add .
warning: LF will be replaced by CRLF in .editorconfig.
The file will have its original line endings in your working directory.
warning: LF will be replaced by CRLF in .gitignore.
The file will have its original line endings in your working directory.
warning: LF will be replaced by CRLF in Copy.html.md.
The file will have its original line endings in your working directory.
warning: LF will be replaced by CRLF in README.md.
The file will have its original line endings in your working directory.
warning: LF will be replaced by CRLF in angular.json.
The file will have its original line endings in your working directory.
warning: LF will be replaced by CRLF in e2e/protractor.conf.js.
The file will have its original line endings in your working directory.
warning: LF will be replaced by CRLF in e2e/src/app.e2e-spec.ts.
The file will have its original line endings in your working directory.
warning: LF will be replaced by CRLF in e2e/src/app.po.ts.
The file will have its original line endings in your working directory.
warning: LF will be replaced by CRLF in e2e/tsconfig.e2e.json.
The file will have its original line endings in your working directory.
warning: LF will be replaced by CRLF in package-lock.json.
The file will have its original line endings in your working directory.
warning: LF will be replaced by CRLF in package.json.
The file will have its original line endings in your working directory.
warning: LF will be replaced by CRLF in src/app/app.component.html.
The file will have its original line endings in your working directory.
warning: LF will be replaced by CRLF in src/app/app.component.spec.ts.
The file will have its original line endings in your working directory.
warning: LF will be replaced by CRLF in src/app/app.component.ts.
The file will have its original line endings in your working directory.
warning: LF will be replaced by CRLF in src/app/app.module.ts.
The file will have its original line endings in your working directory.
warning: LF will be replaced by CRLF in src/browserslist.
The file will have its original line endings in your working directory.
warning: LF will be replaced by CRLF in src/environments/environment.prod.ts.
The file will have its original line endings in your working directory.
warning: LF will be replaced by CRLF in src/environments/environment.ts.
The file will have its original line endings in your working directory.
warning: LF will be replaced by CRLF in src/index.html.
The file will have its original line endings in your working directory.
warning: LF will be replaced by CRLF in src/karma.conf.js.
The file will have its original line endings in your working directory.
warning: LF will be replaced by CRLF in src/main.ts.
The file will have its original line endings in your working directory.
warning: LF will be replaced by CRLF in src/polyfills.ts.
The file will have its original line endings in your working directory.
warning: LF will be replaced by CRLF in src/styles.css.
The file will have its original line endings in your working directory.
warning: LF will be replaced by CRLF in src/test.ts.
The file will have its original line endings in your working directory.
warning: LF will be replaced by CRLF in src/tsconfig.app.json.
The file will have its original line endings in your working directory.
warning: LF will be replaced by CRLF in src/tsconfig.spec.json.
The file will have its original line endings in your working directory.
warning: LF will be replaced by CRLF in src/tslint.json.
The file will have its original line endings in your working directory.
warning: LF will be replaced by CRLF in tsconfig.json.
The file will have its original line endings in your working directory.
warning: LF will be replaced by CRLF in tslint.json.
The file will have its original line endings in your working directory.

charles@SASIT04101818 MINGW64 /d/Development/my-dream-app (master)
$ git status
On branch master

No commits yet

Changes to be committed:
  (use "git rm --cached <file>..." to unstage)

        new file:   .editorconfig
[master (root-commit) 250536f] initial commit   new file:   src/favicon.ico
 33 files changed, 11116 insertions(+)
 create mode 100644 .editorconfig
 create mode 100644 .gitignore
 create mode 100644 Copy.html.md
 create mode 100644 README.md
 create mode 100644 angular.json
 create mode 100644 e2e/protractor.conf.js
 create mode 100644 e2e/src/app.e2e-spec.ts
 create mode 100644 e2e/src/app.po.ts
 create mode 100644 e2e/tsconfig.e2e.json
 create mode 100644 header.html
 create mode 100644 package-lock.json
 create mode 100644 package.json
 create mode 100644 src/app/app.component.css
 create mode 100644 src/app/app.component.html
 create mode 100644 src/app/app.component.spec.ts
 create mode 100644 src/app/app.component.ts
 create mode 100644 src/app/app.module.ts
 create mode 100644 src/assets/.gitkeep
 create mode 100644 src/browserslist
 create mode 100644 src/environments/environment.prod.ts
 create mode 100644 src/environments/environment.ts
 create mode 100644 src/favicon.ico
 create mode 100644 src/index.html
 create mode 100644 src/karma.conf.js
 create mode 100644 src/main.ts
 create mode 100644 src/polyfills.ts
 create mode 100644 src/styles.css
 create mode 100644 src/test.ts
 create mode 100644 src/tsconfig.app.json
 create mode 100644 src/tsconfig.spec.json
 create mode 100644 src/tslint.json
 create mode 100644 tsconfig.json
 create mode 100644 tslint.json

charles@SASIT04101818 MINGW64 /d/Development/my-dream-app (master)
$ git status
On branch master
nothing to commit, working tree clean

charles@SASIT04101818 MINGW64 /d/Development/my-dream-app (master)
$ git status
On branch master
Changes not staged for commit:
  (use "git add <file>..." to update what will be committed)
  (use "git checkout -- <file>..." to discard changes in working directory)

        modified:   header.html

no changes added to commit (use "git add" and/or "git commit -a")

charles@SASIT04101818 MINGW64 /d/Development/my-dream-app (master)
$ git add .
warning: LF will be replaced by CRLF in header.html.
The file will have its original line endings in your working directory.

charles@SASIT04101818 MINGW64 /d/Development/my-dream-app (master)
$ git status
On branch master
Changes to be committed:
  (use "git reset HEAD <file>..." to unstage)

        modified:   header.html


charles@SASIT04101818 MINGW64 /d/Development/my-dream-app (master)
$ git remote

charles@SASIT04101818 MINGW64 /d/Development/my-dream-app (master)
$ git remote add origin https://github.com/vandyfree12/sample-page.git

charles@SASIT04101818 MINGW64 /d/Development/my-dream-app (master)
$ git remote
origin

charles@SASIT04101818 MINGW64 /d/Development/my-dream-app (master)
$ git push -u origin master
Enumerating objects: 39, done.
Counting objects: 100% (39/39), done.
Delta compression using up to 4 threads.
Compressing objects: 100% (37/37), done.
Writing objects: 100% (39/39), 96.92 KiB | 1.76 MiB/s, done.
Total 39 (delta 0), reused 0 (delta 0)
remote:
remote: Create a pull request for 'master' on GitHub by visiting:
remote:      https://github.com/vandyfree12/sample-page/pull/new/master
remote:
To https://github.com/vandyfree12/sample-page.git
 * [new branch]      master -> master
Branch 'master' set up to track remote branch 'master' from 'origin'.

charles@SASIT04101818 MINGW64 /d/Development/my-dream-app (master)
$
